ABCB1
ABCC1
ABL1
ABR
ACVR1
ADRA1A
ADRB1
AFF1
AFF2
AGTR1
AKT1
AKT2
ALDH2
AMY2B
ANK1
APEX1
APOC1
AR
ATF4
ATM
AURKA
AVPR2
BCAS1
BCL2
BCL2L1
BCL6
BCL6B
BCR
BLM
BMI1
BNC1
BP52
BP53
BRCA1
BRCA2
BTK
C1orf9
C20orf24
CACNA1D
CBS
CCNA2
CCNB1
CCNC
CCND1
CCND2
CCNE1
CCNF
CD96
CDC25A
CDC25B
CDC25C
CDH1
CDK4
CDK6
CDKN1A
CDKN2A
CEBPB
CEBPZ
CFH
CHRM3
CHRNA5
CLCN2
CLCN5
CLDN11
CNBP
CPNE4
CSE1L
CSF1
CSK
CTSB
CTSC
CTTN
CYP24A1
DBF4B
DBH
DDR2
DFNA44
DIRAS3
DLG1
DOC1
DPF2
DRD1
DRD2
DRD3
E2F1
E2F4
EGFR
EIF2AK2
EIF2S2
EIF4EBP1
ELF3
EPHA5
EPHB2
ERBB2
ERBB4
ERG
ESR1
ETV6
EVI1
FANCC
FBP1
FGF3
FGFR1
FGFR2
FGFR3
FGFR4
FGR
FHIT
FKBP1A
FOSB
FOXO1A
FYN
GAB1
GADD45A
GLI1
GNG10
GNG4
GRM3
HBE1
HDGFP
HFE
HLF
HRAS
HSP90B1
HTR2A
HYAL1
IFNAR1
IFNAR2
IGF1
IGF1R
IGHMBP2
INPP5D
INSR
IRF1
IRF2
JUN
JUNB
KCTD11
KIF11
KISS1
KLK10
LAMC2
LCK
LIG1
LOC389174
LOC390993
LPL
LRRC32
LYN
MATN1
MAX
MBNL1
MDM2
MEN1
MET
MLL
MMP1
MMP8
MOS
MRE11A
MS4A1
MSH2
MX1
MX2
MYB
MYBL2
MYC
MYCN
MYOC
NCOA3
NF2
NFKB2
NIDDM2
NLGN1
NRAS
NTRK1
OADIP
OLIG2
OR10D1P
PAK1
PCK1
PCSK2
PCSK7
PDGFRA
PIK3CA
PIK3CB
PIK3CD
PIK3R1
PIK3R2
PIM1
PITX2
PKD2
PLCB3
PLCD1
PLCG1
PLEK
PLS1
PML
PPM1L
PPP2R1B
PRICKLE2
PRKAG1
PRKCB1
PRKCBP1
PRKCH
PSME1
PTCH1
PTEN
PTPN1
PTPN13
PTPRA
PTPRC
PTPRM
PWCR
RAB2
RAB31
RAF1
RARA
RARB
RBM5
REL
RET
REV3L
RGS5
RHO
RHOA
RHOG
RND3
RNF150
RPL22
RPS6KB1
RUNX1
RUNX1T1
S100B
SCHIP1
SCZD6
SDF2
SEC23B
SEMG1
SEPT8
SLC20A2
SLC24A3
SLC25A13
SLC2A2
SLC7A14
SMAD3
SMAD4
SPI1
SPO11
SRC
SST
STAG1
STK4
SUMO3
TACR1
TAL1
TBP
TCF7
TCL1A
TDG
TEC
TERC
TFRC
TGFA
TGFB2
TGFBR3
THPO
THRA
THRB
TIAM1
TKT
TNFRSF6B
TOP1
TOP2A
TOR1A
TP53
TP53BP2
TRA
TRIM25
TRIM37
TSPAN5
USP6
VAV2
VHL
WFDC2
WNT1
WT1
YES1
YWHAB
ZAP70
ZNF217
ZNF70
